com\bookbazaar\controller\OrderController.class
com\bookbazaar\controller\AuthController.class
com\bookbazaar\controller\UserController.class
com\bookbazaar\exception\GlobalExceptionHandler.class
com\bookbazaar\repository\CartRepository.class
com\bookbazaar\service\CartService.class
com\bookbazaar\entity\Order.class
com\bookbazaar\repository\BookRepository.class
com\bookbazaar\dto\OrderDto.class
com\bookbazaar\controller\CartController.class
com\bookbazaar\repository\UserRepository.class
com\bookbazaar\repository\OrderRepository.class
com\bookbazaar\controller\BookController.class
com\bookbazaar\dto\AddToCartRequest.class
com\bookbazaar\exception\ResourceNotFoundException.class
com\bookbazaar\entity\Cart.class
com\bookbazaar\dto\AuthResponse.class
com\bookbazaar\entity\Book.class
com\bookbazaar\dto\CartDto.class
com\bookbazaar\config\CorsConfig.class
com\bookbazaar\service\UserService.class
com\bookbazaar\config\DataSeeder.class
com\bookbazaar\service\BookService.class
com\bookbazaar\service\OrderService.class
com\bookbazaar\controller\HealthController.class
com\bookbazaar\dto\AuthRequest.class
com\bookbazaar\dto\UserDto.class
com\bookbazaar\dto\RegisterRequest.class
com\bookbazaar\entity\User.class
com\bookbazaar\BookBazaarApplication.class
com\bookbazaar\entity\Role.class
com\bookbazaar\dto\BookDto.class
com\bookbazaar\exception\ErrorResponse.class
