D:\54b7\PROJECT\src\main\java\com\bookbazaar\BookBazaarApplication.java
D:\54b7\PROJECT\src\main\java\com\bookbazaar\config\CorsConfig.java
D:\54b7\PROJECT\src\main\java\com\bookbazaar\config\DataSeeder.java
D:\54b7\PROJECT\src\main\java\com\bookbazaar\controller\AuthController.java
D:\54b7\PROJECT\src\main\java\com\bookbazaar\controller\BookController.java
D:\54b7\PROJECT\src\main\java\com\bookbazaar\controller\CartController.java
D:\54b7\PROJECT\src\main\java\com\bookbazaar\controller\HealthController.java
D:\54b7\PROJECT\src\main\java\com\bookbazaar\controller\OrderController.java
D:\54b7\PROJECT\src\main\java\com\bookbazaar\controller\UserController.java
D:\54b7\PROJECT\src\main\java\com\bookbazaar\dto\AddToCartRequest.java
D:\54b7\PROJECT\src\main\java\com\bookbazaar\dto\AuthRequest.java
D:\54b7\PROJECT\src\main\java\com\bookbazaar\dto\AuthResponse.java
D:\54b7\PROJECT\src\main\java\com\bookbazaar\dto\BookDto.java
D:\54b7\PROJECT\src\main\java\com\bookbazaar\dto\CartDto.java
D:\54b7\PROJECT\src\main\java\com\bookbazaar\dto\OrderDto.java
D:\54b7\PROJECT\src\main\java\com\bookbazaar\dto\RegisterRequest.java
D:\54b7\PROJECT\src\main\java\com\bookbazaar\dto\UserDto.java
D:\54b7\PROJECT\src\main\java\com\bookbazaar\entity\Book.java
D:\54b7\PROJECT\src\main\java\com\bookbazaar\entity\Cart.java
D:\54b7\PROJECT\src\main\java\com\bookbazaar\entity\Order.java
D:\54b7\PROJECT\src\main\java\com\bookbazaar\entity\Role.java
D:\54b7\PROJECT\src\main\java\com\bookbazaar\entity\User.java
D:\54b7\PROJECT\src\main\java\com\bookbazaar\exception\ErrorResponse.java
D:\54b7\PROJECT\src\main\java\com\bookbazaar\exception\GlobalExceptionHandler.java
D:\54b7\PROJECT\src\main\java\com\bookbazaar\exception\ResourceNotFoundException.java
D:\54b7\PROJECT\src\main\java\com\bookbazaar\repository\BookRepository.java
D:\54b7\PROJECT\src\main\java\com\bookbazaar\repository\CartRepository.java
D:\54b7\PROJECT\src\main\java\com\bookbazaar\repository\OrderRepository.java
D:\54b7\PROJECT\src\main\java\com\bookbazaar\repository\UserRepository.java
D:\54b7\PROJECT\src\main\java\com\bookbazaar\service\BookService.java
D:\54b7\PROJECT\src\main\java\com\bookbazaar\service\CartService.java
D:\54b7\PROJECT\src\main\java\com\bookbazaar\service\OrderService.java
D:\54b7\PROJECT\src\main\java\com\bookbazaar\service\UserService.java
